// Jest Snapshot v1, https://goo.gl/fbAQLP

exports[`throws if account matching email not found 1`] = `"Account not found"`;
